[INFO] Scanning for projects...
[INFO] 
[INFO] ---------------< com.eventbooking:event-booking-backend >---------------
[INFO] Building Event Booking Backend 1.0.0
[INFO]   from pom.xml
[INFO] --------------------------------[ jar ]---------------------------------
[INFO] 
[INFO] --- clean:3.3.2:clean (default-clean) @ event-booking-backend ---
[INFO] Deleting D:\Hoc_ky_6\Cong_nghe_phan_mem_HDT\FinalProject\event\backend\target
[INFO] 
[INFO] --- resources:3.3.1:resources (default-resources) @ event-booking-backend ---
[INFO] Copying 1 resource from src\main\resources to target\classes
[INFO] Copying 0 resource from src\main\resources to target\classes
[INFO] 
[INFO] --- compiler:3.11.0:compile (default-compile) @ event-booking-backend ---
[INFO] Changes detected - recompiling the module! :source
[INFO] Compiling 101 source files with javac [debug release 21] to target\classes
[INFO] ------------------------------------------------------------------------
[INFO] BUILD SUCCESS
[INFO] ------------------------------------------------------------------------
[INFO] Total time:  3.712 s
[INFO] Finished at: 2026-03-30T19:35:38+07:00
[INFO] ------------------------------------------------------------------------
